Traceback (most recent call last):
  File "C:\Users\User\.conda\envs\dataviz_venv\lib\site-packages\nbclient\client.py", line 778, in _async_poll_for_reply
    msg = await ensure_async(self.kc.shell_channel.get_msg(timeout=new_timeout))
  File "C:\Users\User\.conda\envs\dataviz_venv\lib\site-packages\jupyter_core\utils\__init__.py", line 182, in ensure_async
    result = await obj
  File "C:\Users\User\.conda\envs\dataviz_venv\lib\site-packages\jupyter_client\channels.py", line 315, in get_msg
    raise Empty
_queue.Empty

During handling of the above exception, another exception occurred:

Traceback (most recent call last):
  File "C:\Users\User\.conda\envs\dataviz_venv\lib\site-packages\jupyter_cache\executors\utils.py", line 58, in single_nb_execution
    executenb(
  File "C:\Users\User\.conda\envs\dataviz_venv\lib\site-packages\nbclient\client.py", line 1305, in execute
    return NotebookClient(nb=nb, resources=resources, km=km, **kwargs).execute()
  File "C:\Users\User\.conda\envs\dataviz_venv\lib\site-packages\jupyter_core\utils\__init__.py", line 166, in wrapped
    return loop.run_until_complete(inner)
  File "C:\Users\User\.conda\envs\dataviz_venv\lib\asyncio\base_events.py", line 647, in run_until_complete
    return future.result()
  File "C:\Users\User\.conda\envs\dataviz_venv\lib\site-packages\nbclient\client.py", line 705, in async_execute
    await self.async_execute_cell(
  File "C:\Users\User\.conda\envs\dataviz_venv\lib\site-packages\nbclient\client.py", line 1001, in async_execute_cell
    exec_reply = await self.task_poll_for_reply
  File "C:\Users\User\.conda\envs\dataviz_venv\lib\site-packages\nbclient\client.py", line 802, in _async_poll_for_reply
    error_on_timeout_execute_reply = await self._async_handle_timeout(timeout, cell)
  File "C:\Users\User\.conda\envs\dataviz_venv\lib\site-packages\nbclient\client.py", line 852, in _async_handle_timeout
    raise CellTimeoutError.error_from_timeout_and_cell(
nbclient.exceptions.CellTimeoutError: A cell timed out while it was being executed, after 30 seconds.
The message was: Cell execution timed out.
Here is a preview of the cell contents:
-------------------
['start = time.time()', "grid = GridSearchCV(model, param_grid=param_grid, scoring='recall', cv=3, n_jobs=-1)", 'grid.fit(X_train, y_train)', '', 'best_model = grid.best_estimator_']
...
['', 'y_pred = best_model.predict(X_test)', 'y_prob = best_model.predict_proba(X_test)[:,1]', '', 'elapsed_sklearn = time.time() - start']
-------------------

